mvn : Java HotSpot(TM) 64-Bit Server VM warning: Sharing is only supported for boot loader classes because bootstrap cl
asspath has been appended
所在位置 行:1 字符: 208
+ ...  cd G:\Interview\wukongshigang\Weihu\U3W-AI; mvn test -q 2>&1 | Out-F ...
+                                                  ~~~~~~~~~~~~~~~~
    + CategoryInfo          : NotSpecified: (Java HotSpot(TM...s been appended:String) [], RemoteException
    + FullyQualifiedErrorId : NativeCommandError
 
14:41:51.074 [main] WARN com.wx.fbsir.business.fbs.service.FbsApiKeyAuthService -- API Key ���ʳ��� key=fbs_abc1****, count=3, limit=2
14:41:51.098 [main] INFO com.wx.fbsir.business.fbs.service.business.impl.FbsApiKeyBusinessServiceImpl -- API Key ��ɾ�� id=1
14:41:51.101 [main] INFO com.wx.fbsir.business.fbs.service.business.impl.FbsApiKeyBusinessServiceImpl -- API Key ������ id=1
14:41:51.107 [main] INFO com.wx.fbsir.business.fbs.service.business.impl.FbsApiKeyBusinessServiceImpl -- API Key �ѽ��� id=1
14:41:51.111 [main] INFO com.wx.fbsir.business.fbs.service.business.impl.FbsApiKeyBusinessServiceImpl -- API Key ���ɳɹ� id=1, name=����Key, maskedKey=fbs_NUXG****
14:41:51.113 [main] INFO com.wx.fbsir.business.fbs.service.business.impl.FbsApiKeyBusinessServiceImpl -- API Key ���ɳɹ� id=1, name=����Key, maskedKey=fbs_rTf3****
14:41:51.114 [main] INFO com.wx.fbsir.business.fbs.service.business.impl.FbsApiKeyBusinessServiceImpl -- API Key ���ɳɹ� id=1, name=����Key, maskedKey=fbs_Rs_z****
14:41:52.162 [main] INFO com.wx.fbsir.business.fbs.service.impl.SkillConsumeServiceImpl -- ��ҵ������ѳɹ� userId=1001, enterpriseId=5001, packCode=pack_vip_monthly, usageRecordId=task-001-uuid, remainQuota=94
14:41:52.171 [main] INFO com.wx.fbsir.business.fbs.service.impl.SkillConsumeServiceImpl -- ��ҵ������ѳɹ� userId=1001, enterpriseId=5001, packCode=pack_vip_monthly, usageRecordId=task-001-uuid, remainQuota=94
14:41:52.192 [main] INFO com.wx.fbsir.business.fbs.service.impl.SkillConsumeServiceImpl -- Skill���ѳɹ� userId=1001, packCode=pack_vip_monthly, usageRecordId=task-001-uuid, pointsAmount=10, remainPoints=990
14:41:52.194 [main] INFO com.wx.fbsir.business.fbs.service.impl.SkillConsumeServiceImpl -- ��ҵ������ѳɹ� userId=1001, enterpriseId=5001, packCode=pack_vip_monthly, usageRecordId=task-001-uuid, remainQuota=94
14:41:52.204 [main] INFO com.wx.fbsir.business.fbs.service.impl.SkillConsumeServiceImpl -- Skill���ѳɹ� userId=1001, packCode=pack_vip_monthly, usageRecordId=task-001-uuid, pointsAmount=0, remainPoints=1000
14:41:52.209 [main] INFO com.wx.fbsir.business.fbs.service.impl.SkillConsumeServiceImpl -- Skill���ѳɹ� userId=1001, packCode=pack_vip_monthly, usageRecordId=task-001-uuid, pointsAmount=10, remainPoints=990
14:41:52.232 [main] INFO com.wx.fbsir.business.fbs.service.impl.WecomBusinessSyncServiceImpl -- ͬ���������ѳɹ� userId=2001, packCode=FBS-mapping-test, writtenRecords=1
14:41:52.234 [main] INFO com.wx.fbsir.business.fbs.service.impl.WecomBusinessSyncServiceImpl -- ͬ���������ѳɹ� userId=1001, packCode=FBS-test-pack, writtenRecords=1
14:41:52.238 [main] ERROR com.wx.fbsir.business.fbs.service.impl.WecomBusinessSyncServiceImpl -- ͬ�����������쳣 userId=1003, packCode=FBS-test-pack
java.lang.RuntimeException: ģ���쳣
	at com.wx.fbsir.business.fbs.service.impl.WecomBusinessSyncServiceImpl.syncCommercialHub(WecomBusinessSyncServiceImpl.java:40)
	at com.wx.fbsir.business.fbs.service.WecomBusinessSyncServiceTest$SyncCommercialHubTests.testSyncCommercialHubWriteException(WecomBusinessSyncServiceTest.java:144)
	at java.base/jdk.internal.reflect.NativeMethodAccessorImpl.invoke0(Native Method)
	at java.base/jdk.internal.reflect.NativeMethodAccessorImpl.invoke(NativeMethodAccessorImpl.java:77)
	at java.base/jdk.internal.reflect.DelegatingMethodAccessorImpl.invoke(DelegatingMethodAccessorImpl.java:43)
	at java.base/java.lang.reflect.Method.invoke(Method.java:568)
	at org.junit.platform.commons.util.ReflectionUtils.invokeMethod(ReflectionUtils.java:775)
	at org.junit.platform.commons.support.ReflectionSupport.invokeMethod(ReflectionSupport.java:479)
	at org.junit.jupiter.engine.execution.MethodInvocation.proceed(MethodInvocation.java:60)
	at org.junit.jupiter.engine.execution.InvocationInterceptorChain$ValidatingInvocation.proceed(InvocationInterceptorChain.java:131)
	at org.junit.jupiter.engine.extension.TimeoutExtension.intercept(TimeoutExtension.java:161)
	at org.junit.jupiter.engine.extension.TimeoutExtension.interceptTestableMethod(TimeoutExtension.java:152)
	at org.junit.jupiter.engine.extension.TimeoutExtension.interceptTestMethod(TimeoutExtension.java:91)
	at org.junit.jupiter.engine.execution.InterceptingExecutableInvoker$ReflectiveInterceptorCall.lambda$ofVoidMethod$0(InterceptingExecutableInvoker.java:112)
	at org.junit.jupiter.engine.execution.InterceptingExecutableInvoker.lambda$invoke$0(InterceptingExecutableInvoker.java:94)
	at org.junit.jupiter.engine.execution.InvocationInterceptorChain$InterceptedInvocation.proceed(InvocationInterceptorChain.java:106)
	at org.junit.jupiter.engine.execution.InvocationInterceptorChain.proceed(InvocationInterceptorChain.java:64)
	at org.junit.jupiter.engine.execution.InvocationInterceptorChain.chainAndInvoke(InvocationInterceptorChain.java:45)
	at org.junit.jupiter.engine.execution.InvocationInterceptorChain.invoke(InvocationInterceptorChain.java:37)
	at org.junit.jupiter.engine.execution.InterceptingExecutableInvoker.invoke(InterceptingExecutableInvoker.java:93)
	at org.junit.jupiter.engine.execution.InterceptingExecutableInvoker.invoke(InterceptingExecutableInvoker.java:87)
	at org.junit.jupiter.engine.descriptor.TestMethodTestDescriptor.lambda$invokeTestMethod$7(TestMethodTestDescriptor.java:216)
	at org.junit.platform.engine.support.hierarchical.ThrowableCollector.execute(ThrowableCollector.java:73)
	at org.junit.jupiter.engine.descriptor.TestMethodTestDescriptor.invokeTestMethod(TestMethodTestDescriptor.java:212)
	at org.junit.jupiter.engine.descriptor.TestMethodTestDescriptor.execute(TestMethodTestDescriptor.java:137)
	at org.junit.jupiter.engine.descriptor.TestMethodTestDescriptor.execute(TestMethodTestDescriptor.java:69)
	at org.junit.platform.engine.support.hierarchical.NodeTestTask.lambda$executeRecursively$6(NodeTestTask.java:156)
	at org.junit.platform.engine.support.hierarchical.ThrowableCollector.execute(ThrowableCollector.java:73)
	at org.junit.platform.engine.support.hierarchical.NodeTestTask.lambda$executeRecursively$8(NodeTestTask.java:146)
	at org.junit.platform.engine.support.hierarchical.Node.around(Node.java:137)
	at org.junit.platform.engine.support.hierarchical.NodeTestTask.lambda$executeRecursively$9(NodeTestTask.java:144)
	at org.junit.platform.engine.support.hierarchical.ThrowableCollector.execute(ThrowableCollector.java:73)
	at org.junit.platform.engine.support.hierarchical.NodeTestTask.executeRecursively(NodeTestTask.java:143)
	at org.junit.platform.engine.support.hierarchical.NodeTestTask.execute(NodeTestTask.java:100)
	at java.base/java.util.ArrayList.forEach(ArrayList.java:1511)
	at org.junit.platform.engine.support.hierarchical.SameThreadHierarchicalTestExecutorService.invokeAll(SameThreadHierarchicalTestExecutorService.java:41)
	at org.junit.platform.engine.support.hierarchical.NodeTestTask.lambda$executeRecursively$6(NodeTestTask.java:160)
	at org.junit.platform.engine.support.hierarchical.ThrowableCollector.execute(ThrowableCollector.java:73)
	at org.junit.platform.engine.support.hierarchical.NodeTestTask.lambda$executeRecursively$8(NodeTestTask.java:146)
	at org.junit.platform.engine.support.hierarchical.Node.around(Node.java:137)
	at org.junit.platform.engine.support.hierarchical.NodeTestTask.lambda$executeRecursively$9(NodeTestTask.java:144)
	at org.junit.platform.engine.support.hierarchical.ThrowableCollector.execute(ThrowableCollector.java:73)
	at org.junit.platform.engine.support.hierarchical.NodeTestTask.executeRecursively(NodeTestTask.java:143)
	at org.junit.platform.engine.support.hierarchical.NodeTestTask.execute(NodeTestTask.java:100)
	at java.base/java.util.ArrayList.forEach(ArrayList.java:1511)
	at org.junit.platform.engine.support.hierarchical.SameThreadHierarchicalTestExecutorService.invokeAll(SameThreadHierarchicalTestExecutorService.java:41)
	at org.junit.platform.engine.support.hierarchical.NodeTestTask.lambda$executeRecursively$6(NodeTestTask.java:160)
	at org.junit.platform.engine.support.hierarchical.ThrowableCollector.execute(ThrowableCollector.java:73)
	at org.junit.platform.engine.support.hierarchical.NodeTestTask.lambda$executeRecursively$8(NodeTestTask.java:146)
	at org.junit.platform.engine.support.hierarchical.Node.around(Node.java:137)
	at org.junit.platform.engine.support.hierarchical.NodeTestTask.lambda$executeRecursively$9(NodeTestTask.java:144)
	at org.junit.platform.engine.support.hierarchical.ThrowableCollector.execute(ThrowableCollector.java:73)
	at org.junit.platform.engine.support.hierarchical.NodeTestTask.executeRecursively(NodeTestTask.java:143)
	at org.junit.platform.engine.support.hierarchical.NodeTestTask.execute(NodeTestTask.java:100)
	at java.base/java.util.ArrayList.forEach(ArrayList.java:1511)
	at org.junit.platform.engine.support.hierarchical.SameThreadHierarchicalTestExecutorService.invokeAll(SameThreadHierarchicalTestExecutorService.java:41)
	at org.junit.platform.engine.support.hierarchical.NodeTestTask.lambda$executeRecursively$6(NodeTestTask.java:160)
	at org.junit.platform.engine.support.hierarchical.ThrowableCollector.execute(ThrowableCollector.java:73)
	at org.junit.platform.engine.support.hierarchical.NodeTestTask.lambda$executeRecursively$8(NodeTestTask.java:146)
	at org.junit.platform.engine.support.hierarchical.Node.around(Node.java:137)
	at org.junit.platform.engine.support.hierarchical.NodeTestTask.lambda$executeRecursively$9(NodeTestTask.java:144)
	at org.junit.platform.engine.support.hierarchical.ThrowableCollector.execute(ThrowableCollector.java:73)
	at org.junit.platform.engine.support.hierarchical.NodeTestTask.executeRecursively(NodeTestTask.java:143)
	at org.junit.platform.engine.support.hierarchical.NodeTestTask.execute(NodeTestTask.java:100)
	at org.junit.platform.engine.support.hierarchical.SameThreadHierarchicalTestExecutorService.submit(SameThreadHierarchicalTestExecutorService.java:35)
	at org.junit.platform.engine.support.hierarchical.HierarchicalTestExecutor.execute(HierarchicalTestExecutor.java:57)
	at org.junit.platform.engine.support.hierarchical.HierarchicalTestEngine.execute(HierarchicalTestEngine.java:54)
	at org.junit.platform.launcher.core.EngineExecutionOrchestrator.execute(EngineExecutionOrchestrator.java:201)
	at org.junit.platform.launcher.core.EngineExecutionOrchestrator.execute(EngineExecutionOrchestrator.java:170)
	at org.junit.platform.launcher.core.EngineExecutionOrchestrator.execute(EngineExecutionOrchestrator.java:94)
	at org.junit.platform.launcher.core.EngineExecutionOrchestrator.lambda$execute$0(EngineExecutionOrchestrator.java:59)
	at org.junit.platform.launcher.core.EngineExecutionOrchestrator.withInterceptedStreams(EngineExecutionOrchestrator.java:142)
	at org.junit.platform.launcher.core.EngineExecutionOrchestrator.execute(EngineExecutionOrchestrator.java:58)
	at org.junit.platform.launcher.core.DefaultLauncher.execute(DefaultLauncher.java:103)
	at org.junit.platform.launcher.core.DefaultLauncher.execute(DefaultLauncher.java:85)
	at org.junit.platform.launcher.core.DelegatingLauncher.execute(DelegatingLauncher.java:47)
	at org.junit.platform.launcher.core.InterceptingLauncher.lambda$execute$1(InterceptingLauncher.java:39)
	at org.junit.platform.launcher.core.ClasspathAlignmentCheckingLauncherInterceptor.intercept(ClasspathAlignmentCheckingLauncherInterceptor.java:25)
	at org.junit.platform.launcher.core.InterceptingLauncher.execute(InterceptingLauncher.java:38)
	at org.junit.platform.launcher.core.DelegatingLauncher.execute(DelegatingLauncher.java:47)
	at org.apache.maven.surefire.junitplatform.LazyLauncher.execute(LazyLauncher.java:56)
	at org.apache.maven.surefire.junitplatform.JUnitPlatformProvider.execute(JUnitPlatformProvider.java:184)
	at org.apache.maven.surefire.junitplatform.JUnitPlatformProvider.invokeAllTests(JUnitPlatformProvider.java:148)
	at org.apache.maven.surefire.junitplatform.JUnitPlatformProvider.invoke(JUnitPlatformProvider.java:122)
	at org.apache.maven.surefire.booter.ForkedBooter.runSuitesInProcess(ForkedBooter.java:385)
	at org.apache.maven.surefire.booter.ForkedBooter.execute(ForkedBooter.java:162)
	at org.apache.maven.surefire.booter.ForkedBooter.run(ForkedBooter.java:507)
	at org.apache.maven.surefire.booter.ForkedBooter.main(ForkedBooter.java:495)
14:41:52.242 [main] WARN com.wx.fbsir.business.fbs.service.impl.WecomBusinessSyncServiceImpl -- ͬ����������ʧ�� userId=1002, packCode=FBS-test-pack, errorCode=NET_TIMEOUT, errorMsg=���糬ʱ
14:41:52.410 [main] WARN com.wx.fbsir.business.fbs.service.impl.WecomSchemaServiceImpl -- ���� getSheets ��Ӧʧ��: Unrecognized token 'invalid': was expecting (JSON String, Number, Array, Object or token 'null', 'true' or 'false')
 at [Source: REDACTED (`StreamReadFeature.INCLUDE_SOURCE_IN_LOCATION` disabled); line: 1, column: 8]
14:41:52.543 [main] WARN com.wx.fbsir.business.fbs.service.impl.WecomWriteServiceImpl -- д���Ƭ 1/1 ʧ��: CLI_ERROR - CLI ִ��ʧ��
14:41:52.546 [main] WARN com.wx.fbsir.business.fbs.service.impl.WecomWriteServiceImpl -- д���Ƭ 2/2 ʧ��: EXEC_TIMEOUT - ִ�г�ʱ
